 Container bb-redis Running 
 Container bb-qdrant Running 
 Container bb-postgres Running 
 Container bb-celery-beat Running 
 Container bb-celery-mining Running 
 Container bb-backend Running 
 Container bb-celery-worker Running 
 Container bb-frontend Running 
 Container bb-redis Waiting 
 Container bb-qdrant Waiting 
 Container bb-redis Waiting 
 Container bb-postgres Waiting 
 Container bb-postgres Waiting 
 Container bb-qdrant Waiting 
 Container bb-redis Waiting 
 Container bb-postgres Waiting 
 Container bb-redis Waiting 
 Container bb-redis Healthy 
 Container bb-redis Healthy 
 Container bb-postgres Healthy 
 Container bb-qdrant Healthy 
 Container bb-redis Healthy 
 Container bb-qdrant Healthy 
 Container bb-postgres Healthy 
 Container bb-redis Healthy 
 Container bb-postgres Healthy 
 Container bb-redis Running 
 Container bb-postgres Running 
 Container bb-celery-beat Running 
 Container bb-qdrant Running 
 Container bb-celery-mining Running 
 Container bb-celery-worker Running 
 Container bb-backend Running 
 Container bb-frontend Running 
 Container bb-redis Waiting 
 Container bb-postgres Waiting 
 Container bb-qdrant Waiting 
 Container bb-redis Waiting 
 Container bb-postgres Waiting 
 Container bb-qdrant Waiting 
 Container bb-postgres Waiting 
 Container bb-redis Waiting 
 Container bb-redis Waiting 
 Container bb-postgres Healthy 
 Container bb-redis Healthy 
 Container bb-redis Healthy 
 Container bb-postgres Healthy 
 Container bb-postgres Healthy 
 Container bb-redis Healthy 
 Container bb-redis Healthy 
 Container bb-qdrant Healthy 
 Container bb-qdrant Healthy 
